// Jest Snapshot v1, https://goo.gl/fbAQLP

exports[`AuthorDetail when user is not logged in renders the author data along with their books 1`] = `
<div>
  <a
    href="/authors"
    onClick={[Function]}
  >
    Authors
  </a>
  <div>
    <h2>
      Joanne Rowling
    </h2>
    <p>
      The author was born in 1965-07-31
    </p>
    <img
      alt="Joanne Rowling"
      src="https://res.cloudinary.com/dee8jw8ue/image/upload/v1623992961/descarga_puc6lu.jpg"
    />
    <div
      className="books"
    >
      <div
        className="title"
      >
        <h3>
          Books
        </h3>
      </div>
      <ul
        className="book-list"
      >
        <li
          className="single-book"
        >
          <h3>
            Libro 1
          </h3>
          <img
            alt="book"
            src="https://d1csarkz8obe9u.cloudfront.net/posterpreviews/action-thriller-book-cover-design-template-3675ae3e3ac7ee095fc793ab61b812cc_screen.jpg?ts=1588152105"
          />
        </li>
        <li
          className="single-book"
        >
          <h3>
            Libro 2
          </h3>
          <img
            alt="book"
            src="https://d1csarkz8obe9u.cloudfront.net/posterpreviews/classic-novel-kindle-book-cover-design-template-59f47ff5c79cbd1d5fa0c14e585217eb_screen.jpg?ts=1561444051"
          />
        </li>
        <li
          className="single-book"
        >
          <h3>
            Libro 3
          </h3>
          <img
            alt="book"
            src="https://d1csarkz8obe9u.cloudfront.net/posterpreviews/contemporary-fiction-night-time-book-cover-design-template-1be47835c3058eb42211574e0c4ed8bf_screen.jpg?ts=1594616847"
          />
        </li>
        <li
          className="single-book"
        >
          <h3>
            Libro 4
          </h3>
          <img
            alt="book"
            src="https://d1csarkz8obe9u.cloudfront.net/posterpreviews/thriller-fantasy-book-cover-castle-mountain-design-template-890a4e62a2009241b05e70a59186240d_screen.jpg?ts=1599683486"
          />
        </li>
      </ul>
    </div>
  </div>
</div>
`;
